ELFUTILS_0 { };
ELFUTILS_0.111 {
  global:
    dwarf_abbrevhaschildren;
    dwarf_addrdie;
    dwarf_addrloclists;
    dwarf_attr;
    dwarf_attr_integrate;
    dwarf_arrayorder;
    dwarf_begin;
    dwarf_begin_elf;
    dwarf_bitoffset;
    dwarf_bitsize;
    dwarf_bytesize;
    dwarf_child;
    dwarf_cuoffset;
    dwarf_diename;
    dwarf_dieoffset;
    dwarf_end;
    dwarf_errmsg;
    dwarf_errno;
    dwarf_filesrc;
    dwarf_formaddr;
    dwarf_formblock;
    dwarf_formflag;
    dwarf_formref;
    dwarf_formref_die;
    dwarf_formsdata;
    dwarf_formstring;
    dwarf_formudata;
    dwarf_func_col;
    dwarf_func_entrypc;
    dwarf_func_file;
    dwarf_func_highpc;
    dwarf_func_line;
    dwarf_func_lowpc;
    dwarf_func_name;
    dwarf_getabbrev;
    dwarf_getabbrevattr;
    dwarf_getabbrevcode;
    dwarf_getabbrevtag;
    dwarf_getarange_addr;
    dwarf_getarangeinfo;
    dwarf_getaranges;
    dwarf_getattrcnt;
    dwarf_getattrs;
    dwarf_getelf;
    dwarf_getfuncs;
    dwarf_getloclist;
    dwarf_getmacros;
    dwarf_getpubnames;
    dwarf_getscopes;
    dwarf_getscopevar;
    dwarf_getscn_info;
    dwarf_getsrc_die;
    dwarf_getsrc_file;
    dwarf_getsrcfiles;
    dwarf_getsrclines;
    dwarf_getstring;
    dwarf_hasattr;
    dwarf_hasattr_integrate;
    dwarf_haspc;
    dwarf_haschildren;
    dwarf_hasform;
    dwarf_highpc;
    dwarf_lineaddr;
    dwarf_linebeginstatement;
    dwarf_lineblock;
    dwarf_linecol;
    dwarf_lineendsequence;
    dwarf_lineepiloguebegin;
    dwarf_lineno;
    dwarf_lineprologueend;
    dwarf_linesrc;
    dwarf_lowpc;
    dwarf_macro_opcode;
    dwarf_macro_param1;
    dwarf_macro_param2;
    dwarf_offabbrev;
    dwarf_offdie;
    dwarf_onearange;
    dwarf_onesrcline;
    dwarf_nextcu;
    dwarf_new_oom_handler;
    dwarf_siblingof;
    dwarf_srclang;
    dwarf_tag;
    dwarf_whatattr;
    dwarf_whatform;

  local:
    *;
} ELFUTILS_0;
